// Jest Snapshot v1, https://goo.gl/fbAQLP

exports[`Search renders Search component 1`] = `[Function]`;
